// Jest Snapshot v1, https://goo.gl/fbAQLP

exports[`create login snapshot 1`] = `
Array [
  <div
    onMouseEnter={[Function]}
    onMouseLeave={[Function]}
    style={
      Object {
        "bottom": 16,
        "left": 16,
        "pointerEvents": "none",
        "position": "fixed",
        "right": 16,
        "top": 16,
        "zIndex": 9999,
      }
    }
  >
    <div
      className="go4109123758"
      style={
        Object {
          "display": "flex",
          "justifyContent": "center",
          "left": 0,
          "position": "absolute",
          "right": 0,
          "top": 0,
          "transform": "translateY(0px)",
          "transition": undefined,
        }
      }
    >
      <div
        className="go2072408551"
        style={
          Object {
            "background": "#333",
            "borderRadius": "10px",
            "color": "#fff",
            "opacity": 0,
          }
        }
      >
        <div
          className="go685806154"
        >
          <div
            className="go1858758034"
          />
          <div
            className="go1579819456"
          >
            <div
              className="go2534082608"
            />
          </div>
        </div>
        <div
          aria-live="polite"
          className="go3958317564"
          role="status"
        >
          Error logging in!  Wrong credentials.
        </div>
      </div>
    </div>
    <div
      className=""
      style={
        Object {
          "display": "flex",
          "justifyContent": "center",
          "left": 0,
          "position": "absolute",
          "right": 0,
          "top": 0,
          "transform": "translateY(0px)",
          "transition": undefined,
        }
      }
    >
      <div
        className="go2072408551"
        style={
          Object {
            "background": "#333",
            "borderRadius": "10px",
            "color": "#fff",
            "opacity": 0,
          }
        }
      >
        <div
          className="go685806154"
        >
          <div
            className="go1858758034"
          />
          <div
            className="go1579819456"
          >
            <div
              className="go2344853693"
            />
          </div>
        </div>
        <div
          aria-live="polite"
          className="go3958317564"
          role="status"
        >
          Logging you in!
        </div>
      </div>
    </div>
  </div>,
  <div
    className="container"
  >
    <div
      className="mt-5 justify-content-md-center row"
    >
      <div
        className="col-md-6"
      >
        <h1>
          Login
        </h1>
        <form
          className=""
          noValidate={true}
          onSubmit={[Function]}
        >
          <div
            className="mb-3"
          >
            <label
              className="form-label"
              htmlFor="formBasicEmail"
            >
              Email address
            </label>
            <input
              className="form-control"
              id="formBasicEmail"
              name="email"
              placeholder="Enter email"
              required={true}
              type="email"
            />
          </div>
          <div
            className="mb-3"
            id="formBasicPassword"
          >
            <label
              className="form-label"
              htmlFor="formBasicPassword"
            >
              Password
            </label>
            <input
              className="form-control"
              id="formBasicPassword"
              name="password"
              placeholder="Password"
              required={true}
              type="password"
            />
          </div>
          <div
            className="mb-3"
          >
            <div
              className="form-check"
            >
              <input
                className="form-check-input"
                disabled={false}
                id="formBasicCheckbox"
                name="doNotLogout"
                type="checkbox"
              />
              <label
                className="form-check-label"
                htmlFor="formBasicCheckbox"
                title=""
              >
                Do not logout
              </label>
            </div>
          </div>
          <div
            className="pb-2 row"
          >
            <div
              className="col"
            >
              Don't have an account? Â  ðŸ‘‰ Â 
              <a
                href="/register"
                onClick={[Function]}
              >
                <strong>
                  Register
                </strong>
              </a>
            </div>
          </div>
          <div
            width="300px"
          >
            <button
              className="btn btn-primary"
              disabled={false}
              style={
                Object {
                  "width": "230px",
                }
              }
              type="submit"
            >
              
              Login
            </button>
            <div
              style={
                Object {
                  "justifyContent": "center",
                  "marginTop": "20px",
                }
              }
            >
              <div
                style={
                  Object {
                    "height": 40,
                  }
                }
              />
            </div>
          </div>
        </form>
      </div>
    </div>
  </div>,
]
`;
